Found 20202 primary IDs to process.
Processed 100 users...
Processed 200 users...
Processed 300 users...
Processed 400 users...
Processed 500 users...
Processed 600 users...
Processed 700 users...
Processed 800 users...
Processed 900 users...
Processed 1000 users...
Processed 1100 users...
Processed 1200 users...
Processed 1300 users...
Processed 1400 users...
Processed 1500 users...
Processed 1600 users...
Processed 1700 users...
Processed 1800 users...
Processed 1900 users...
Processed 2000 users...
Processed 2100 users...
Processed 2200 users...
Processed 2300 users...
Processed 2400 users...
Processed 2500 users...
Processed 2600 users...
Processed 2700 users...
Processed 2800 users...
Processed 2900 users...
Processed 3000 users...
Processed 3100 users...
Processed 3200 users...
Processed 3300 users...
Processed 3400 users...
Processed 3500 users...
Processed 3600 users...
Processed 3700 users...
Processed 3800 users...
Processed 3900 users...
Processed 4000 users...
Processed 4100 users...
Processed 4200 users...
Processed 4300 users...
Processed 4400 users...
Processed 4500 users...
Processed 4600 users...
Processed 4700 users...
Processed 4800 users...
Processed 4900 users...
Processed 5000 users...
Processed 5100 users...
Processed 5200 users...
Processed 5300 users...
Processed 5400 users...
Processed 5500 users...
Processed 5600 users...
Processed 5700 users...
Processed 5800 users...
Processed 5900 users...
Processed 6000 users...
Processed 6100 users...
Processed 6200 users...
Processed 6300 users...
Processed 6400 users...
Processed 6500 users...
Processed 6600 users...
Processed 6700 users...
Processed 6800 users...
Processed 6900 users...
Processed 7000 users...
Processed 7100 users...
Processed 7200 users...
Processed 7300 users...
Processed 7400 users...
Processed 7500 users...
Processed 7600 users...
Processed 7700 users...
Processed 7800 users...
Processed 7900 users...
Processed 8000 users...
Processed 8100 users...
Processed 8200 users...
Processed 8300 users...
Processed 8400 users...
Processed 8500 users...
Processed 8600 users...
Processed 8700 users...
Processed 8800 users...
Processed 8900 users...
Processed 9000 users...
Processed 9100 users...
Processed 9200 users...
Processed 9300 users...
Processed 9400 users...
Processed 9500 users...
Processed 9600 users...
Processed 9700 users...
Processed 9800 users...
Processed 9900 users...
Processed 10000 users...
Processed 10100 users...
Processed 10200 users...
Processed 10300 users...
Processed 10400 users...
Processed 10500 users...
Processed 10600 users...
Processed 10700 users...
Processed 10800 users...
Processed 10900 users...
Processed 11000 users...
Processed 11100 users...
Processed 11200 users...
Processed 11300 users...
Processed 11400 users...
Processed 11500 users...
Processed 11600 users...
Processed 11700 users...
Processed 11800 users...
Processed 11900 users...
Processed 12000 users...
Processed 12100 users...
Processed 12200 users...
Processed 12300 users...
Processed 12400 users...
Processed 12500 users...
Processed 12600 users...
Processed 12700 users...
Processed 12800 users...
Processed 12900 users...
Processed 13000 users...
Processed 13100 users...
Processed 13200 users...
Processed 13300 users...
Processed 13400 users...
Processed 13500 users...
Processed 13600 users...
Processed 13700 users...
Processed 13800 users...
Processed 13900 users...
Processed 14000 users...
Processed 14100 users...
Processed 14200 users...
Processed 14300 users...
Processed 14400 users...
Processed 14500 users...
Processed 14600 users...
Processed 14700 users...
Processed 14800 users...
Processed 14900 users...
Processed 15000 users...
Processed 15100 users...
Processed 15200 users...
Processed 15300 users...
Processed 15400 users...
Processed 15500 users...
Processed 15600 users...
Processed 15700 users...
Processed 15800 users...
Processed 15900 users...
Processed 16000 users...
Processed 16100 users...
Processed 16200 users...
Processed 16300 users...
Processed 16400 users...
Processed 16500 users...
Processed 16600 users...
Processed 16700 users...
Processed 16800 users...
Processed 16900 users...
Processed 17000 users...
Processed 17100 users...
Processed 17200 users...
Processed 17300 users...
Processed 17400 users...
Processed 17500 users...
Processed 17600 users...
Processed 17700 users...
Processed 17800 users...
Processed 17900 users...
Processed 18000 users...
Processed 18100 users...
Processed 18200 users...
Processed 18300 users...
Processed 18400 users...
Processed 18500 users...
Processed 18600 users...
Processed 18700 users...
Processed 18800 users...
Processed 18900 users...
Processed 19000 users...
Processed 19100 users...
Processed 19200 users...
Processed 19300 users...
Processed 19400 users...
Processed 19500 users...
Processed 19600 users...
Processed 19700 users...
Processed 19800 users...
Processed 19900 users...
Processed 20000 users...
Processed 20100 users...
Processed 20200 users...

Summary:
Total users processed: 20202
Users with purge date: 19615
Users without purge date: 587
Report saved to purge_date_report.csv
